Running Gradle task 'assembleDebug'...                          
Running Gradle task 'assembleDebug'...                            155.0s
